// Jest Snapshot v1, https://goo.gl/fbAQLP

exports[`renders correctly 1`] = `
<div>
  <button
    disabled={false}
    onMouseDown={[Function]}
    type="button"
  >
    <span>
      Sort
    </span>
  </button>
</div>
`;
