// Jest Snapshot v1, https://goo.gl/fbAQLP

exports[`exports arrays of modules 1`] = `
"// generated by export-esm-collection-loader
import indexZero from \\"index-zero\\"
import { indexOne } from \\"./index-one\\"

export default [
  indexZero,
  indexOne
];"
`;

exports[`exports arrays of modules 2`] = `
"// generated by export-esm-collection-loader
import indexZero from \\"index-zero\\"
import { indexOne } from \\"./index-one\\"

export default [
  indexZero,
  indexOne
];"
`;

exports[`fails informatively if template module does not export the right kind of empty collection 1`] = `
Array [
  Array [
    [Error: items provided as array, but cannot export an array because template module "/content-file" does not export an empty array.
            Note that comments are not allowed between the [ and ] for these template modules, but should be placed above the export declaration.

            Contents of "/content-file":
            export default {}],
  ],
]
`;

exports[`warns if nothing was added 1`] = `
Array [
  Array [
    [Error: Items array was empty; no changes will be made],
  ],
]
`;
