// Jest Snapshot v1, https://goo.gl/fbAQLP

exports[`builds a module which exports an array of its imports 1`] = `
Object {
  "fileToTransform": "./module-object.js",
  "options": Object {
    "items": Object {
      "import * as first from \\"elsewhere\\";": "first",
      "import { fourth as third } from \\"fourth\\";": "third",
      "import { second as silver } from \\"second\\";": "silver",
      "import { third as second } from \\"third\\";": "second",
    },
    "warnings": Array [
      "TargetableESModuleObject \\"./module-object.js\\": Export \\"first\\" was already assigned to \\"import first from \\"first\\";\\". Overwriting to \\"*\\" from \\"elsewhere\\".",
    ],
  },
  "transformModule": "@magento/pwa-buildpack/lib/WebpackTools/loaders/export-esm-collection-loader",
  "type": "source",
}
`;

exports[`builds a module which exports an array of its imports 2`] = `
"/** this-un exports an object with mappings */
// generated by export-esm-collection-loader
import { third as second } from \\"third\\";
import { fourth as third } from \\"fourth\\";
import * as first from \\"elsewhere\\";
import { second as silver } from \\"second\\";

export default {
  second,
  third,
  first,
  silver
};"
`;
